  Determining projects to restore...
  All projects are up-to-date for restore.
c:\Dev\Cruise Tracker\CruiseDashboard\CruiseDashboard.Tests\DashboardTests.cs(168,36): warning CS0168: The variable 'ex' is declared but never used [c:\Dev\Cruise Tracker\CruiseDashboard\CruiseDashboard.Tests\CruiseDashboard.Tests.csproj]
  CruiseDashboard.Tests -> c:\Dev\Cruise Tracker\CruiseDashboard\CruiseDashboard.Tests\bin\Debug\net8.0\CruiseDashboard.Tests.dll
Test run for c:\Dev\Cruise Tracker\CruiseDashboard\CruiseDashboard.Tests\bin\Debug\net8.0\CruiseDashboard.Tests.dll (.NETCoreApp,Version=v8.0)
VSTest version 17.11.1 (x64)

Starting test execution, please wait...
A total of 1 test files matched the specified pattern.
  Failed Api_AllCruisesHaveKnownShipData [502 ms]
  Error Message:
   System.Collections.Generic.KeyNotFoundException : The given key was not present in the dictionary.
  Stack Trace:
     at System.Text.Json.JsonElement.GetProperty(String propertyName)
   at CruiseDashboard.Tests.DashboardTests.<>c.<Api_AllCruisesHaveKnownShipData>b__5_0(JsonElement c) in c:\Dev\Cruise Tracker\CruiseDashboard\CruiseDashboard.Tests\DashboardTests.cs:line 162
   at System.Linq.Enumerable.WhereSelectListIterator`2.MoveNext()
   at System.Collections.Generic.HashSet`1.UnionWith(IEnumerable`1 other)
   at System.Collections.Generic.HashSet`1..ctor(IEnumerable`1 collection, IEqualityComparer`1 comparer)
   at System.Linq.Enumerable.DistinctIterator`1.ToList()
   at CruiseDashboard.Tests.DashboardTests.Api_AllCruisesHaveKnownShipData() in c:\Dev\Cruise Tracker\CruiseDashboard\CruiseDashboard.Tests\DashboardTests.cs:line 159
   at NUnit.Framework.Internal.TaskAwaitAdapter.GenericAdapter`1.BlockUntilCompleted()
   at NUnit.Framework.Internal.MessagePumpStrategy.NoMessagePumpStrategy.WaitForCompletion(AwaitAdapter awaiter)
   at NUnit.Framework.Internal.AsyncToSyncAdapter.Await[TResult](Func`1 invoke)
   at NUnit.Framework.Internal.AsyncToSyncAdapter.Await(Func`1 invoke)
   at NUnit.Framework.Internal.Commands.TestMethodCommand.RunTestMethod(TestExecutionContext context)
   at NUnit.Framework.Internal.Commands.TestMethodCommand.Execute(TestExecutionContext context)
   at NUnit.Framework.Internal.Commands.BeforeAndAfterTestCommand.<>c__DisplayClass1_0.<Execute>b__0()
   at NUnit.Framework.Internal.Commands.DelegatingTestCommand.RunTestMethodInThreadAbortSafeZone(TestExecutionContext context, Action action)

  Standard Output Messages:
 JSON Object that failed: {"cruiseLine":"Celebrity","shipName":"Celebrity Ascent","shipClass":"Edge","yearBuilt":2023,"suiteName":"The Retreat","suiteMultiplier":2.0,"hasKids":true,"itinerary":"10 Days Caribbean-Eastern","departureDate":"2026-02-25","nights":10,"departurePort":"Fort Lauderdale","ports":"Fort Lauderdale, Philipsburg, Castries, Bridgetown, St. John's/Antigua, Basseterre, Fort Lauderdale","balconyPrice":1534.00,"balconyPerDay":153.00,"suitePrice":5061.00,"suitePerDay":506.00,"insidePrice":1289.00,"insidePerDay":129.00,"oceanviewPrice":1405.00,"oceanviewPerDay":141.00,"flResBalconyPrice":null,"flResBalconyPerDay":null,"flResSuitePrice":null,"flResSuitePerDay":null,"kidsRating":"B-","shipRating":"A+","mainDiningRating":"B","packageDiningRating":"A","suiteDiningRating":"A","diningPackageCostPerDay":18,"scrapedAt":"2026-02-24 08:01"}
 Found Key: cruiseLine
 Found Key: shipName
 Found Key: shipClass
 Found Key: yearBuilt
 Found Key: suiteName
 Found Key: suiteMultiplier
 Found Key: hasKids
 Found Key: itinerary
 Found Key: departureDate
 Found Key: nights
 Found Key: departurePort
 Found Key: ports
 Found Key: balconyPrice
 Found Key: balconyPerDay
 Found Key: suitePrice
 Found Key: suitePerDay
 Found Key: insidePrice
 Found Key: insidePerDay
 Found Key: oceanviewPrice
 Found Key: oceanviewPerDay
 Found Key: flResBalconyPrice
 Found Key: flResBalconyPerDay
 Found Key: flResSuitePrice
 Found Key: flResSuitePerDay
 Found Key: kidsRating
 Found Key: shipRating
 Found Key: mainDiningRating
 Found Key: packageDiningRating
 Found Key: suiteDiningRating
 Found Key: diningPackageCostPerDay
 Found Key: scrapedAt



Failed!  - Failed:     1, Passed:     6, Skipped:     0, Total:     7, Duration: 3 s - CruiseDashboard.Tests.dll (net8.0)
