<?xml version="1.0" encoding="utf-8"?>
<TestRun id="a89790ae-ca68-44ec-aef9-6cb6ec9c92f2" name="sshor@STEVEOFFICEPC 2026-02-26 11:27:41" runUser="STEVEOFFICEPC\sshor" xmlns="http://microsoft.com/schemas/VisualStudio/TeamTest/2010">
  <Times creation="2026-02-26T11:27:41.3582846-05:00" queuing="2026-02-26T11:27:41.3582847-05:00" start="2026-02-26T11:27:39.6349447-05:00" finish="2026-02-26T11:27:43.8005669-05:00" />
  <TestSettings name="default" id="474d9e1b-cb24-42d1-8561-6e2fd44b5bea">
    <Deployment runDeploymentRoot="sshor_STEVEOFFICEPC_2026-02-26_11_27_41" />
  </TestSettings>
  <Results>
    <UnitTestResult executionId="567d6e3a-713e-473f-8e6b-a560660bab8b" testId="e69255fa-a91f-c395-631e-00410ef2bd4b" testName="Calendar_TabRendersGrid" computerName="STEVEOFFICEPC" duration="00:00:00.4946640" startTime="2026-02-26T11:27:40.4374057-05:00" endTime="2026-02-26T11:27:40.9320598-05:00" testType="13cdc9d9-ddb5-4fa4-a97d-d965ccfc6d4b" outcome="Passed" testListId="8c84fa94-04c1-424b-9868-57a2d4851a1d" relativeResultsDirectory="567d6e3a-713e-473f-8e6b-a560660bab8b" />
    <UnitTestResult executionId="65e80bcb-022d-4dde-a7d8-4ea5a93b0629" testId="b30a52b8-8743-656a-4089-f45bb2a6c0a3" testName="Dashboard_LoadsAndShowsSailingCount" computerName="STEVEOFFICEPC" duration="00:00:00.3730240" startTime="2026-02-26T11:27:42.6063657-05:00" endTime="2026-02-26T11:27:42.9793876-05:00" testType="13cdc9d9-ddb5-4fa4-a97d-d965ccfc6d4b" outcome="Passed" testListId="8c84fa94-04c1-424b-9868-57a2d4851a1d" relativeResultsDirectory="65e80bcb-022d-4dde-a7d8-4ea5a93b0629" />
    <UnitTestResult executionId="a29e314c-81a2-4e68-bbba-cf33940e7b73" testId="6fa8201e-2c58-31b0-1950-e464480f208a" testName="Api_AllCruisesHaveKnownShipData" computerName="STEVEOFFICEPC" duration="00:00:00.4674130" startTime="2026-02-26T11:27:39.9001722-05:00" endTime="2026-02-26T11:27:40.3675607-05:00" testType="13cdc9d9-ddb5-4fa4-a97d-d965ccfc6d4b" outcome="Passed" testListId="8c84fa94-04c1-424b-9868-57a2d4851a1d" relativeResultsDirectory="a29e314c-81a2-4e68-bbba-cf33940e7b73" />
    <UnitTestResult executionId="e42cbb07-73d8-4e3c-8322-c04c29929c62" testId="4c271738-2109-e8f2-3a6c-0578a39109ec" testName="Dashboard_StatCardsShowRealData" computerName="STEVEOFFICEPC" duration="00:00:00.3998709" startTime="2026-02-26T11:27:43.3601872-05:00" endTime="2026-02-26T11:27:43.7600561-05:00" testType="13cdc9d9-ddb5-4fa4-a97d-d965ccfc6d4b" outcome="Passed" testListId="8c84fa94-04c1-424b-9868-57a2d4851a1d" relativeResultsDirectory="e42cbb07-73d8-4e3c-8322-c04c29929c62" />
    <UnitTestResult executionId="81858f94-2ce0-49f0-976c-60a42f5480fe" testId="958a390e-9e4d-87c8-5f6c-a8236f70813c" testName="Dashboard_FilterReducesCardCount" computerName="STEVEOFFICEPC" duration="00:00:01.6742080" startTime="2026-02-26T11:27:40.9321136-05:00" endTime="2026-02-26T11:27:42.6063168-05:00" testType="13cdc9d9-ddb5-4fa4-a97d-d965ccfc6d4b" outcome="Passed" testListId="8c84fa94-04c1-424b-9868-57a2d4851a1d" relativeResultsDirectory="81858f94-2ce0-49f0-976c-60a42f5480fe" />
    <UnitTestResult executionId="dc921afb-8270-4957-9aa5-c23234639d9c" testId="4cf705a0-090f-c051-d313-4451fae77ac2" testName="Dashboard_ShowsCruiseCards" computerName="STEVEOFFICEPC" duration="00:00:00.3807060" startTime="2026-02-26T11:27:42.9794246-05:00" endTime="2026-02-26T11:27:43.3601287-05:00" testType="13cdc9d9-ddb5-4fa4-a97d-d965ccfc6d4b" outcome="Passed" testListId="8c84fa94-04c1-424b-9868-57a2d4851a1d" relativeResultsDirectory="dc921afb-8270-4957-9aa5-c23234639d9c" />
    <UnitTestResult executionId="6596ed54-78c0-4ad6-9e91-28f85b04c895" testId="a834d4a0-994b-03b1-2ed9-12e85b7c6ff7" testName="Api_CruisesReturnsData" computerName="STEVEOFFICEPC" duration="00:00:00.0693660" startTime="2026-02-26T11:27:40.3680082-05:00" endTime="2026-02-26T11:27:40.4373735-05:00" testType="13cdc9d9-ddb5-4fa4-a97d-d965ccfc6d4b" outcome="Passed" testListId="8c84fa94-04c1-424b-9868-57a2d4851a1d" relativeResultsDirectory="6596ed54-78c0-4ad6-9e91-28f85b04c895" />
  </Results>
  <TestDefinitions>
    <UnitTest name="Calendar_TabRendersGrid" storage="c:\dev\cruise tracker\cruisedashboard\cruisedashboard.tests\bin\debug\net8.0\cruisedashboard.tests.dll" id="e69255fa-a91f-c395-631e-00410ef2bd4b">
      <Execution id="567d6e3a-713e-473f-8e6b-a560660bab8b" />
      <TestMethod codeBase="C:\Dev\Cruise Tracker\CruiseDashboard\CruiseDashboard.Tests\bin\Debug\net8.0\CruiseDashboard.Tests.dll" adapterTypeName="executor://nunit3testexecutor/" className="CruiseDashboard.Tests.DashboardTests" name="Calendar_TabRendersGrid" />
    </UnitTest>
    <UnitTest name="Api_CruisesReturnsData" storage="c:\dev\cruise tracker\cruisedashboard\cruisedashboard.tests\bin\debug\net8.0\cruisedashboard.tests.dll" id="a834d4a0-994b-03b1-2ed9-12e85b7c6ff7">
      <Execution id="6596ed54-78c0-4ad6-9e91-28f85b04c895" />
      <TestMethod codeBase="C:\Dev\Cruise Tracker\CruiseDashboard\CruiseDashboard.Tests\bin\Debug\net8.0\CruiseDashboard.Tests.dll" adapterTypeName="executor://nunit3testexecutor/" className="CruiseDashboard.Tests.DashboardTests" name="Api_CruisesReturnsData" />
    </UnitTest>
    <UnitTest name="Dashboard_FilterReducesCardCount" storage="c:\dev\cruise tracker\cruisedashboard\cruisedashboard.tests\bin\debug\net8.0\cruisedashboard.tests.dll" id="958a390e-9e4d-87c8-5f6c-a8236f70813c">
      <Execution id="81858f94-2ce0-49f0-976c-60a42f5480fe" />
      <TestMethod codeBase="C:\Dev\Cruise Tracker\CruiseDashboard\CruiseDashboard.Tests\bin\Debug\net8.0\CruiseDashboard.Tests.dll" adapterTypeName="executor://nunit3testexecutor/" className="CruiseDashboard.Tests.DashboardTests" name="Dashboard_FilterReducesCardCount" />
    </UnitTest>
    <UnitTest name="Dashboard_StatCardsShowRealData" storage="c:\dev\cruise tracker\cruisedashboard\cruisedashboard.tests\bin\debug\net8.0\cruisedashboard.tests.dll" id="4c271738-2109-e8f2-3a6c-0578a39109ec">
      <Execution id="e42cbb07-73d8-4e3c-8322-c04c29929c62" />
      <TestMethod codeBase="C:\Dev\Cruise Tracker\CruiseDashboard\CruiseDashboard.Tests\bin\Debug\net8.0\CruiseDashboard.Tests.dll" adapterTypeName="executor://nunit3testexecutor/" className="CruiseDashboard.Tests.DashboardTests" name="Dashboard_StatCardsShowRealData" />
    </UnitTest>
    <UnitTest name="Dashboard_LoadsAndShowsSailingCount" storage="c:\dev\cruise tracker\cruisedashboard\cruisedashboard.tests\bin\debug\net8.0\cruisedashboard.tests.dll" id="b30a52b8-8743-656a-4089-f45bb2a6c0a3">
      <Execution id="65e80bcb-022d-4dde-a7d8-4ea5a93b0629" />
      <TestMethod codeBase="C:\Dev\Cruise Tracker\CruiseDashboard\CruiseDashboard.Tests\bin\Debug\net8.0\CruiseDashboard.Tests.dll" adapterTypeName="executor://nunit3testexecutor/" className="CruiseDashboard.Tests.DashboardTests" name="Dashboard_LoadsAndShowsSailingCount" />
    </UnitTest>
    <UnitTest name="Dashboard_ShowsCruiseCards" storage="c:\dev\cruise tracker\cruisedashboard\cruisedashboard.tests\bin\debug\net8.0\cruisedashboard.tests.dll" id="4cf705a0-090f-c051-d313-4451fae77ac2">
      <Execution id="dc921afb-8270-4957-9aa5-c23234639d9c" />
      <TestMethod codeBase="C:\Dev\Cruise Tracker\CruiseDashboard\CruiseDashboard.Tests\bin\Debug\net8.0\CruiseDashboard.Tests.dll" adapterTypeName="executor://nunit3testexecutor/" className="CruiseDashboard.Tests.DashboardTests" name="Dashboard_ShowsCruiseCards" />
    </UnitTest>
    <UnitTest name="Api_AllCruisesHaveKnownShipData" storage="c:\dev\cruise tracker\cruisedashboard\cruisedashboard.tests\bin\debug\net8.0\cruisedashboard.tests.dll" id="6fa8201e-2c58-31b0-1950-e464480f208a">
      <Execution id="a29e314c-81a2-4e68-bbba-cf33940e7b73" />
      <TestMethod codeBase="C:\Dev\Cruise Tracker\CruiseDashboard\CruiseDashboard.Tests\bin\Debug\net8.0\CruiseDashboard.Tests.dll" adapterTypeName="executor://nunit3testexecutor/" className="CruiseDashboard.Tests.DashboardTests" name="Api_AllCruisesHaveKnownShipData" />
    </UnitTest>
  </TestDefinitions>
  <TestEntries>
    <TestEntry testId="e69255fa-a91f-c395-631e-00410ef2bd4b" executionId="567d6e3a-713e-473f-8e6b-a560660bab8b" testListId="8c84fa94-04c1-424b-9868-57a2d4851a1d" />
    <TestEntry testId="b30a52b8-8743-656a-4089-f45bb2a6c0a3" executionId="65e80bcb-022d-4dde-a7d8-4ea5a93b0629" testListId="8c84fa94-04c1-424b-9868-57a2d4851a1d" />
    <TestEntry testId="6fa8201e-2c58-31b0-1950-e464480f208a" executionId="a29e314c-81a2-4e68-bbba-cf33940e7b73" testListId="8c84fa94-04c1-424b-9868-57a2d4851a1d" />
    <TestEntry testId="4c271738-2109-e8f2-3a6c-0578a39109ec" executionId="e42cbb07-73d8-4e3c-8322-c04c29929c62" testListId="8c84fa94-04c1-424b-9868-57a2d4851a1d" />
    <TestEntry testId="958a390e-9e4d-87c8-5f6c-a8236f70813c" executionId="81858f94-2ce0-49f0-976c-60a42f5480fe" testListId="8c84fa94-04c1-424b-9868-57a2d4851a1d" />
    <TestEntry testId="4cf705a0-090f-c051-d313-4451fae77ac2" executionId="dc921afb-8270-4957-9aa5-c23234639d9c" testListId="8c84fa94-04c1-424b-9868-57a2d4851a1d" />
    <TestEntry testId="a834d4a0-994b-03b1-2ed9-12e85b7c6ff7" executionId="6596ed54-78c0-4ad6-9e91-28f85b04c895" testListId="8c84fa94-04c1-424b-9868-57a2d4851a1d" />
  </TestEntries>
  <TestLists>
    <TestList name="Results Not in a List" id="8c84fa94-04c1-424b-9868-57a2d4851a1d" />
    <TestList name="All Loaded Results" id="19431567-8539-422a-85d7-44ee4e166bda" />
  </TestLists>
  <ResultSummary outcome="Completed">
    <Counters total="7" executed="7" passed="7" failed="0" error="0" timeout="0" aborted="0" inconclusive="0" passedButRunAborted="0" notRunnable="0" notExecuted="0" disconnected="0" warning="0" completed="0" inProgress="0" pending="0" />
    <Output>
      <StdOut>NUnit Adapter 4.6.0.0: Test execution started&#xD;
Running all tests in C:\Dev\Cruise Tracker\CruiseDashboard\CruiseDashboard.Tests\bin\Debug\net8.0\CruiseDashboard.Tests.dll&#xD;
   NUnit3TestExecutor discovered 7 of 7 NUnit test cases using Current Discovery mode, Non-Explicit run&#xD;
NUnit Adapter 4.6.0.0: Test execution complete&#xD;
</StdOut>
    </Output>
  </ResultSummary>
</TestRun>